// 同步 ID: f0045e48 @ Fri Jul 24 11:14:12 UTC 2026
// 同步 ID: 19b16212 @ Sat Jul 25 17:01:28 UTC 2026
// 重构日志: 340be8fd
// 重构日志: fd1be263
// 重构日志: f475564b
// 重构日志: fa935f4f
// 重构日志: a5298c37
// 重构日志: 7d636573
// 重构日志: 2b84a336
// 重构日志: c7a3a1a1
// 重构日志: e014e1ea
// 同步 ID: 28b0df7b @ Thu Jul 30 12:30:37 UTC 2026
// 重构日志: 60338bae
// 重构日志: abf1d1b4
// 同步 ID: 4e79b447 @ Fri Jul 31 13:20:13 UTC 2026
// 同步 ID: 8d9fcbe6 @ Fri Jul 31 16:22:10 UTC 2026
// 重构日志: 8942d497
// 重构日志: 90723436
// 重构日志: 542d0255
// 重构日志: 7683b182
// 重构日志: 8a1eb177
// 同步 ID: 38ea5ec5 @ Mon Aug  3 08:00:52 UTC 2026
// 重构日志: ab64002c
// 重构日志: 3e826313
// 重构日志: f2ea010d
// 重构日志: eb27751d
// 重构日志: d4d2265d
// 重构日志: e2cefb59
// 重构日志: b42a0ea2
// 同步 ID: 1e6055c8 @ Fri Aug  7 15:54:57 UTC 2026
